Music-apk/src/services/spotifyService.ts(79,27): error TS1005: ',' expected.
Music-apk/src/services/spotifyService.ts(79,32): error TS1005: ',' expected.
