src/App.tsx(464,19): error TS2353: Object literal may only specify known properties, and 'playerVars' does not exist in type '{ cc_lang_pref?: string; cc_load_policy?: 0 | 1; color?: "white" | "red"; disablekb?: 0 | 1; enablejsapi?: 0 | 1; end?: number; fs?: 0 | 1; hl?: string; iv_load_policy?: 1 | 3; origin?: string; playlist?: string; rel?: 0 | 1; start?: number; widget_referrer?: string; referrerpolicy?: string; }'.
